
> bioskills_battle@1.0.0 test
> node --experimental-vm-modules node_modules/jest/bin/jest.js

node.exe : 
(node:25040) 
ExperimentalWarning: 
VM Modules is an 
experimental feature 
and might change at 
any time
At line:1 char:1
+ & "C:\Program 
Files\nodejs/node.exe" 
"C:\Users\monic\AppData
\Roaming\ ...
+ ~~~~~~~~~~~~~~~~~~~~~
~~~~~~~~~~~~~~~~~~~~~~~
~~~~~~~~~~~~~~~~~~~~~~~
~~
    + CategoryInfo     
         : NotSpecifi  
  ed: ((node:25040)    
 Ex...nge at any ti    
me:String) [], Rem    
oteException
    + FullyQualifiedEr 
   rorId : NativeComm  
  andError
 
(Use `node 
--trace-warnings ...` 
to show where the 
warning was created)
FAIL 
tests/homepage.test.js
  ÔŚĆ Homepage 
Restructure ÔÇ║ should 
have a game title 
"Bioskills Battle"

    expect(received).to
Be(expected) // 
Object.is equality

    Expected: 
"Bioskills Battle"
    Received: undefined

    [0m [90m 35 
|[39m         
[36mconst[39m title 
[33m=[39m document[3
3m.[39mgetElementById(
[32m'game-title'[39m)
[33m;[39m
     [90m 36 |[39m   
      expect(title)[33
m.[39mnot[33m.[39mto
BeNull()[33m;[39m
    [31m[1m>[22m[39
m[90m 37 |[39m       
  expect(title[33m.[3
9minnerText)[33m.[39m
toBe([32m'Bioskills Ba
ttle'[39m)[33m;[39m
     [90m    |[39m   
                       
       
[31m[1m^[22m[39m
     [90m 38 |[39m   
  })[33m;[39m
     [90m 39 |[39m
     [90m 40 |[39m   
  test([32m'should 
have an introduction 
text'[39m[33m,[39m 
() [33m=>[39m {[0m

      at 
Object.<anonymous> (tes
ts/homepage.test.js:37:
33)

  ÔŚĆ Homepage 
Restructure ÔÇ║ should 
have an introduction 
text

    expect(received).to
Contain(expected) // 
indexOf

    Matcher error: 
received value must 
not be null nor 
undefined

    Received has 
value: undefined

    [0m [90m 41 
|[39m         
[36mconst[39m intro 
[33m=[39m document[3
3m.[39mgetElementById(
[32m'cover-text'[39m)
[33m;[39m
     [90m 42 |[39m   
      expect(intro)[33
m.[39mnot[33m.[39mto
BeNull()[33m;[39m
    [31m[1m>[22m[39
m[90m 43 |[39m       
  expect(intro[33m.[3
9minnerText)[33m.[39m
toContain([32m'Hey Ski
ller!'[39m)[33m;[39m
     [90m    |[39m   
                       
       
[31m[1m^[22m[39m
     [90m 44 |[39m   
  })[33m;[39m
     [90m 45 |[39m
     [90m 46 |[39m   
  test([32m'should 
have a "Choose your 
Battle Hub" button'[39
m[33m,[39m () 
[33m=>[39m {[0m

      at 
Object.<anonymous> (tes
ts/homepage.test.js:43:
33)

  ÔŚĆ Homepage 
Restructure ÔÇ║ should 
have a "Choose your 
Battle Hub" button

    expect(received).to
Be(expected) // 
Object.is equality

    Expected: "Choose 
your Battle Hub"
    Received: undefined

    [0m [90m 47 
|[39m         
[36mconst[39m hubBtn 
[33m=[39m document[3
3m.[39mgetElementById(
[32m'choose-hub-btn'[
39m)[33m;[39m
     [90m 48 |[39m   
      expect(hubBtn)[3
3m.[39mnot[33m.[39mt
oBeNull()[33m;[39m
    [31m[1m>[22m[39
m[90m 49 |[39m       
  expect(hubBtn[33m.[
39minnerText)[33m.[39
mtoBe([32m'Choose 
your Battle 
Hub'[39m)[33m;[39m
     [90m    |[39m   
                       
        
[31m[1m^[22m[39m
     [90m 50 |[39m   
  })[33m;[39m
     [90m 51 |[39m
     [90m 52 |[39m   
  test([32m'should 
NOT have the old "GOOD 
LUCK!" button'[39m[33
m,[39m () 
[33m=>[39m {[0m

      at 
Object.<anonymous> (tes
ts/homepage.test.js:49:
34)

(node:3864) 
ExperimentalWarning: 
VM Modules is an 
experimental feature 
and might change at 
any time
(Use `node 
--trace-warnings ...` 
to show where the 
warning was created)
FAIL tests/app.test.js
  ÔŚĆ App Module ÔÇ║ 
init should set up UI 
elements and event 
listeners

    Property 
`getNextButton` does 
not exist in the 
provided object

    [0m [90m 177 
|[39m         jest[33
m.[39mspyOn([33mQuizU
I[39m[33m,[39m [32m
'getBackToHomeFromLab'
[39m)[33m;[39m
     [90m 178 |[39m  
       jest[33m.[39ms
pyOn([33mQuizUI[39m[
33m,[39m [32m'getBack
ToHomeFromLibrary'[39m
)[33m;[39m
    [31m[1m>[22m[39
m[90m 179 |[39m      
   jest[33m.[39mspyOn
([33mQuizUI[39m[33m,
[39m [32m'getNextButt
on'[39m)[33m;[39m
     [90m     |[39m  
            
[31m[1m^[22m[39m
     [90m 180 |[39m  
       jest[33m.[39ms
pyOn([33mQuizUI[39m[
33m,[39m [32m'getQuiz
Container'[39m)[33m;
[39m
     [90m 181 |[39m  
       jest[33m.[39ms
pyOn([33mQuizUI[39m[
33m,[39m [32m'getFeed
backContainer'[39m)[3
3m;[39m
     [90m 182 |[39m  
       jest[33m.[39ms
pyOn([33mQuizUI[39m[
33m,[39m [32m'showBat
tleHubModal'[39m)[33m
;[39m[0m

      at 
ModuleMocker.spyOn (nod
e_modules/jest-mock/bui
ld/index.js:593:13)
      at 
Object.<anonymous> (tes
ts/app.test.js:179:14)

  ÔŚĆ App Module ÔÇ║ ha
ndleChooseHubButtonClic
k should show modal

    Property 
`getNextButton` does 
not exist in the 
provided object

    [0m [90m 177 
|[39m         jest[33
m.[39mspyOn([33mQuizU
I[39m[33m,[39m [32m
'getBackToHomeFromLab'
[39m)[33m;[39m
     [90m 178 |[39m  
       jest[33m.[39ms
pyOn([33mQuizUI[39m[
33m,[39m [32m'getBack
ToHomeFromLibrary'[39m
)[33m;[39m
    [31m[1m>[22m[39
m[90m 179 |[39m      
   jest[33m.[39mspyOn
([33mQuizUI[39m[33m,
[39m [32m'getNextButt
on'[39m)[33m;[39m
     [90m     |[39m  
            
[31m[1m^[22m[39m
     [90m 180 |[39m  
       jest[33m.[39ms
pyOn([33mQuizUI[39m[
33m,[39m [32m'getQuiz
Container'[39m)[33m;
[39m
     [90m 181 |[39m  
       jest[33m.[39ms
pyOn([33mQuizUI[39m[
33m,[39m [32m'getFeed
backContainer'[39m)[3
3m;[39m
     [90m 182 |[39m  
       jest[33m.[39ms
pyOn([33mQuizUI[39m[
33m,[39m [32m'showBat
tleHubModal'[39m)[33m
;[39m[0m

      at 
ModuleMocker.spyOn (nod
e_modules/jest-mock/bui
ld/index.js:593:13)
      at 
Object.<anonymous> (tes
ts/app.test.js:179:14)

  ÔŚĆ App Module ÔÇ║ ha
ndleLabBenchButtonClick
 should hide modal and 
show lab bench page

    Property 
`getNextButton` does 
not exist in the 
provided object

    [0m [90m 177 
|[39m         jest[33
m.[39mspyOn([33mQuizU
I[39m[33m,[39m [32m
'getBackToHomeFromLab'
[39m)[33m;[39m
     [90m 178 |[39m  
       jest[33m.[39ms
pyOn([33mQuizUI[39m[
33m,[39m [32m'getBack
ToHomeFromLibrary'[39m
)[33m;[39m
    [31m[1m>[22m[39
m[90m 179 |[39m      
   jest[33m.[39mspyOn
([33mQuizUI[39m[33m,
[39m [32m'getNextButt
on'[39m)[33m;[39m
     [90m     |[39m  
            
[31m[1m^[22m[39m
     [90m 180 |[39m  
       jest[33m.[39ms
pyOn([33mQuizUI[39m[
33m,[39m [32m'getQuiz
Container'[39m)[33m;
[39m
     [90m 181 |[39m  
       jest[33m.[39ms
pyOn([33mQuizUI[39m[
33m,[39m [32m'getFeed
backContainer'[39m)[3
3m;[39m
     [90m 182 |[39m  
       jest[33m.[39ms
pyOn([33mQuizUI[39m[
33m,[39m [32m'showBat
tleHubModal'[39m)[33m
;[39m[0m

      at 
ModuleMocker.spyOn (nod
e_modules/jest-mock/bui
ld/index.js:593:13)
      at 
Object.<anonymous> (tes
ts/app.test.js:179:14)

  ÔŚĆ App Module ÔÇ║ ha
ndleLibraryButtonClick 
should hide modal and 
show library page

    Property 
`getNextButton` does 
not exist in the 
provided object

    [0m [90m 177 
|[39m         jest[33
m.[39mspyOn([33mQuizU
I[39m[33m,[39m [32m
'getBackToHomeFromLab'
[39m)[33m;[39m
     [90m 178 |[39m  
       jest[33m.[39ms
pyOn([33mQuizUI[39m[
33m,[39m [32m'getBack
ToHomeFromLibrary'[39m
)[33m;[39m
    [31m[1m>[22m[39
m[90m 179 |[39m      
   jest[33m.[39mspyOn
([33mQuizUI[39m[33m,
[39m [32m'getNextButt
on'[39m)[33m;[39m
     [90m     |[39m  
            
[31m[1m^[22m[39m
     [90m 180 |[39m  
       jest[33m.[39ms
pyOn([33mQuizUI[39m[
33m,[39m [32m'getQuiz
Container'[39m)[33m;
[39m
     [90m 181 |[39m  
       jest[33m.[39ms
pyOn([33mQuizUI[39m[
33m,[39m [32m'getFeed
backContainer'[39m)[3
3m;[39m
     [90m 182 |[39m  
       jest[33m.[39ms
pyOn([33mQuizUI[39m[
33m,[39m [32m'showBat
tleHubModal'[39m)[33m
;[39m[0m

      at 
ModuleMocker.spyOn (nod
e_modules/jest-mock/bui
ld/index.js:593:13)
      at 
Object.<anonymous> (tes
ts/app.test.js:179:14)

  ÔŚĆ App Module ÔÇ║ 
showQuestion should 
display current 
question and options

    Property 
`getNextButton` does 
not exist in the 
provided object

    [0m [90m 177 
|[39m         jest[33
m.[39mspyOn([33mQuizU
I[39m[33m,[39m [32m
'getBackToHomeFromLab'
[39m)[33m;[39m
     [90m 178 |[39m  
       jest[33m.[39ms
pyOn([33mQuizUI[39m[
33m,[39m [32m'getBack
ToHomeFromLibrary'[39m
)[33m;[39m
    [31m[1m>[22m[39
m[90m 179 |[39m      
   jest[33m.[39mspyOn
([33mQuizUI[39m[33m,
[39m [32m'getNextButt
on'[39m)[33m;[39m
     [90m     |[39m  
            
[31m[1m^[22m[39m
     [90m 180 |[39m  
       jest[33m.[39ms
pyOn([33mQuizUI[39m[
33m,[39m [32m'getQuiz
Container'[39m)[33m;
[39m
     [90m 181 |[39m  
       jest[33m.[39ms
pyOn([33mQuizUI[39m[
33m,[39m [32m'getFeed
backContainer'[39m)[3
3m;[39m
     [90m 182 |[39m  
       jest[33m.[39ms
pyOn([33mQuizUI[39m[
33m,[39m [32m'showBat
tleHubModal'[39m)[33m
;[39m[0m

      at 
ModuleMocker.spyOn (nod
e_modules/jest-mock/bui
ld/index.js:593:13)
      at 
Object.<anonymous> (tes
ts/app.test.js:179:14)

  ÔŚĆ App Module ÔÇ║ 
showQuestion should 
handle no current 
question gracefully

    Property 
`getNextButton` does 
not exist in the 
provided object

    [0m [90m 177 
|[39m         jest[33
m.[39mspyOn([33mQuizU
I[39m[33m,[39m [32m
'getBackToHomeFromLab'
[39m)[33m;[39m
     [90m 178 |[39m  
       jest[33m.[39ms
pyOn([33mQuizUI[39m[
33m,[39m [32m'getBack
ToHomeFromLibrary'[39m
)[33m;[39m
    [31m[1m>[22m[39
m[90m 179 |[39m      
   jest[33m.[39mspyOn
([33mQuizUI[39m[33m,
[39m [32m'getNextButt
on'[39m)[33m;[39m
     [90m     |[39m  
            
[31m[1m^[22m[39m
     [90m 180 |[39m  
       jest[33m.[39ms
pyOn([33mQuizUI[39m[
33m,[39m [32m'getQuiz
Container'[39m)[33m;
[39m
     [90m 181 |[39m  
       jest[33m.[39ms
pyOn([33mQuizUI[39m[
33m,[39m [32m'getFeed
backContainer'[39m)[3
3m;[39m
     [90m 182 |[39m  
       jest[33m.[39ms
pyOn([33mQuizUI[39m[
33m,[39m [32m'showBat
tleHubModal'[39m)[33m
;[39m[0m

      at 
ModuleMocker.spyOn (nod
e_modules/jest-mock/bui
ld/index.js:593:13)
      at 
Object.<anonymous> (tes
ts/app.test.js:179:14)

  ÔŚĆ App Module ÔÇ║ 
showQuestion should 
handle no options 
gracefully

    Property 
`getNextButton` does 
not exist in the 
provided object

    [0m [90m 177 
|[39m         jest[33
m.[39mspyOn([33mQuizU
I[39m[33m,[39m [32m
'getBackToHomeFromLab'
[39m)[33m;[39m
     [90m 178 |[39m  
       jest[33m.[39ms
pyOn([33mQuizUI[39m[
33m,[39m [32m'getBack
ToHomeFromLibrary'[39m
)[33m;[39m
    [31m[1m>[22m[39
m[90m 179 |[39m      
   jest[33m.[39mspyOn
([33mQuizUI[39m[33m,
[39m [32m'getNextButt
on'[39m)[33m;[39m
     [90m     |[39m  
            
[31m[1m^[22m[39m
     [90m 180 |[39m  
       jest[33m.[39ms
pyOn([33mQuizUI[39m[
33m,[39m [32m'getQuiz
Container'[39m)[33m;
[39m
     [90m 181 |[39m  
       jest[33m.[39ms
pyOn([33mQuizUI[39m[
33m,[39m [32m'getFeed
backContainer'[39m)[3
3m;[39m
     [90m 182 |[39m  
       jest[33m.[39ms
pyOn([33mQuizUI[39m[
33m,[39m [32m'showBat
tleHubModal'[39m)[33m
;[39m[0m

      at 
ModuleMocker.spyOn (nod
e_modules/jest-mock/bui
ld/index.js:593:13)
      at 
Object.<anonymous> (tes
ts/app.test.js:179:14)

  ÔŚĆ App Module ÔÇ║ 
selectAnswer should 
check answer, update 
UI, and disable buttons

    Property 
`getNextButton` does 
not exist in the 
provided object

    [0m [90m 177 
|[39m         jest[33
m.[39mspyOn([33mQuizU
I[39m[33m,[39m [32m
'getBackToHomeFromLab'
[39m)[33m;[39m
     [90m 178 |[39m  
       jest[33m.[39ms
pyOn([33mQuizUI[39m[
33m,[39m [32m'getBack
ToHomeFromLibrary'[39m
)[33m;[39m
    [31m[1m>[22m[39
m[90m 179 |[39m      
   jest[33m.[39mspyOn
([33mQuizUI[39m[33m,
[39m [32m'getNextButt
on'[39m)[33m;[39m
     [90m     |[39m  
            
[31m[1m^[22m[39m
     [90m 180 |[39m  
       jest[33m.[39ms
pyOn([33mQuizUI[39m[
33m,[39m [32m'getQuiz
Container'[39m)[33m;
[39m
     [90m 181 |[39m  
       jest[33m.[39ms
pyOn([33mQuizUI[39m[
33m,[39m [32m'getFeed
backContainer'[39m)[3
3m;[39m
     [90m 182 |[39m  
       jest[33m.[39ms
pyOn([33mQuizUI[39m[
33m,[39m [32m'showBat
tleHubModal'[39m)[33m
;[39m[0m

      at 
ModuleMocker.spyOn (nod
e_modules/jest-mock/bui
ld/index.js:593:13)
      at 
Object.<anonymous> (tes
ts/app.test.js:179:14)

  ÔŚĆ App Module ÔÇ║ 
selectAnswer should 
handle incorrect answer

    Property 
`getNextButton` does 
not exist in the 
provided object

    [0m [90m 177 
|[39m         jest[33
m.[39mspyOn([33mQuizU
I[39m[33m,[39m [32m
'getBackToHomeFromLab'
[39m)[33m;[39m
     [90m 178 |[39m  
       jest[33m.[39ms
pyOn([33mQuizUI[39m[
33m,[39m [32m'getBack
ToHomeFromLibrary'[39m
)[33m;[39m
    [31m[1m>[22m[39
m[90m 179 |[39m      
   jest[33m.[39mspyOn
([33mQuizUI[39m[33m,
[39m [32m'getNextButt
on'[39m)[33m;[39m
     [90m     |[39m  
            
[31m[1m^[22m[39m
     [90m 180 |[39m  
       jest[33m.[39ms
pyOn([33mQuizUI[39m[
33m,[39m [32m'getQuiz
Container'[39m)[33m;
[39m
     [90m 181 |[39m  
       jest[33m.[39ms
pyOn([33mQuizUI[39m[
33m,[39m [32m'getFeed
backContainer'[39m)[3
3m;[39m
     [90m 182 |[39m  
       jest[33m.[39ms
pyOn([33mQuizUI[39m[
33m,[39m [32m'showBat
tleHubModal'[39m)[33m
;[39m[0m

      at 
ModuleMocker.spyOn (nod
e_modules/jest-mock/bui
ld/index.js:593:13)
      at 
Object.<anonymous> (tes
ts/app.test.js:179:14)

  ÔŚĆ App Module ÔÇ║ 
selectAnswer should 
NOT automatically 
advance to the next 
question, and next 
button should become 
visible

    Property 
`getNextButton` does 
not exist in the 
provided object

    [0m [90m 177 
|[39m         jest[33
m.[39mspyOn([33mQuizU
I[39m[33m,[39m [32m
'getBackToHomeFromLab'
[39m)[33m;[39m
     [90m 178 |[39m  
       jest[33m.[39ms
pyOn([33mQuizUI[39m[
33m,[39m [32m'getBack
ToHomeFromLibrary'[39m
)[33m;[39m
    [31m[1m>[22m[39
m[90m 179 |[39m      
   jest[33m.[39mspyOn
([33mQuizUI[39m[33m,
[39m [32m'getNextButt
on'[39m)[33m;[39m
     [90m     |[39m  
            
[31m[1m^[22m[39m
     [90m 180 |[39m  
       jest[33m.[39ms
pyOn([33mQuizUI[39m[
33m,[39m [32m'getQuiz
Container'[39m)[33m;
[39m
     [90m 181 |[39m  
       jest[33m.[39ms
pyOn([33mQuizUI[39m[
33m,[39m [32m'getFeed
backContainer'[39m)[3
3m;[39m
     [90m 182 |[39m  
       jest[33m.[39ms
pyOn([33mQuizUI[39m[
33m,[39m [32m'showBat
tleHubModal'[39m)[33m
;[39m[0m

      at 
ModuleMocker.spyOn (nod
e_modules/jest-mock/bui
ld/index.js:593:13)
      at 
Object.<anonymous> (tes
ts/app.test.js:179:14)

  ÔŚĆ App Module ÔÇ║ 
nextQuestion should 
advance to next 
question if available

    Property 
`getNextButton` does 
not exist in the 
provided object

    [0m [90m 177 
|[39m         jest[33
m.[39mspyOn([33mQuizU
I[39m[33m,[39m [32m
'getBackToHomeFromLab'
[39m)[33m;[39m
     [90m 178 |[39m  
       jest[33m.[39ms
pyOn([33mQuizUI[39m[
33m,[39m [32m'getBack
ToHomeFromLibrary'[39m
)[33m;[39m
    [31m[1m>[22m[39
m[90m 179 |[39m      
   jest[33m.[39mspyOn
([33mQuizUI[39m[33m,
[39m [32m'getNextButt
on'[39m)[33m;[39m
     [90m     |[39m  
            
[31m[1m^[22m[39m
     [90m 180 |[39m  
       jest[33m.[39ms
pyOn([33mQuizUI[39m[
33m,[39m [32m'getQuiz
Container'[39m)[33m;
[39m
     [90m 181 |[39m  
       jest[33m.[39ms
pyOn([33mQuizUI[39m[
33m,[39m [32m'getFeed
backContainer'[39m)[3
3m;[39m
     [90m 182 |[39m  
       jest[33m.[39ms
pyOn([33mQuizUI[39m[
33m,[39m [32m'showBat
tleHubModal'[39m)[33m
;[39m[0m

      at 
ModuleMocker.spyOn (nod
e_modules/jest-mock/bui
ld/index.js:593:13)
      at 
Object.<anonymous> (tes
ts/app.test.js:179:14)

  ÔŚĆ App Module ÔÇ║ 
nextQuestion should 
render final results 
if no more questions

    Property 
`getNextButton` does 
not exist in the 
provided object

    [0m [90m 177 
|[39m         jest[33
m.[39mspyOn([33mQuizU
I[39m[33m,[39m [32m
'getBackToHomeFromLab'
[39m)[33m;[39m
     [90m 178 |[39m  
       jest[33m.[39ms
pyOn([33mQuizUI[39m[
33m,[39m [32m'getBack
ToHomeFromLibrary'[39m
)[33m;[39m
    [31m[1m>[22m[39
m[90m 179 |[39m      
   jest[33m.[39mspyOn
([33mQuizUI[39m[33m,
[39m [32m'getNextButt
on'[39m)[33m;[39m
     [90m     |[39m  
            
[31m[1m^[22m[39m
     [90m 180 |[39m  
       jest[33m.[39ms
pyOn([33mQuizUI[39m[
33m,[39m [32m'getQuiz
Container'[39m)[33m;
[39m
     [90m 181 |[39m  
       jest[33m.[39ms
pyOn([33mQuizUI[39m[
33m,[39m [32m'getFeed
backContainer'[39m)[3
3m;[39m
     [90m 182 |[39m  
       jest[33m.[39ms
pyOn([33mQuizUI[39m[
33m,[39m [32m'showBat
tleHubModal'[39m)[33m
;[39m[0m

      at 
ModuleMocker.spyOn (nod
e_modules/jest-mock/bui
ld/index.js:593:13)
      at 
Object.<anonymous> (tes
ts/app.test.js:179:14)

  ÔŚĆ App Module ÔÇ║ 
switchSet should 
update question URL, 
reset state, and 
reload questions

    Property 
`getNextButton` does 
not exist in the 
provided object

    [0m [90m 177 
|[39m         jest[33
m.[39mspyOn([33mQuizU
I[39m[33m,[39m [32m
'getBackToHomeFromLab'
[39m)[33m;[39m
     [90m 178 |[39m  
       jest[33m.[39ms
pyOn([33mQuizUI[39m[
33m,[39m [32m'getBack
ToHomeFromLibrary'[39m
)[33m;[39m
    [31m[1m>[22m[39
m[90m 179 |[39m      
   jest[33m.[39mspyOn
([33mQuizUI[39m[33m,
[39m [32m'getNextButt
on'[39m)[33m;[39m
     [90m     |[39m  
            
[31m[1m^[22m[39m
     [90m 180 |[39m  
       jest[33m.[39ms
pyOn([33mQuizUI[39m[
33m,[39m [32m'getQuiz
Container'[39m)[33m;
[39m
     [90m 181 |[39m  
       jest[33m.[39ms
pyOn([33mQuizUI[39m[
33m,[39m [32m'getFeed
backContainer'[39m)[3
3m;[39m
     [90m 182 |[39m  
       jest[33m.[39ms
pyOn([33mQuizUI[39m[
33m,[39m [32m'showBat
tleHubModal'[39m)[33m
;[39m[0m

      at 
ModuleMocker.spyOn (nod
e_modules/jest-mock/bui
ld/index.js:593:13)
      at 
Object.<anonymous> (tes
ts/app.test.js:179:14)

  ÔŚĆ App Module ÔÇ║ 
switchSet should not 
show question if quiz 
container is hidden

    Property 
`getNextButton` does 
not exist in the 
provided object

    [0m [90m 177 
|[39m         jest[33
m.[39mspyOn([33mQuizU
I[39m[33m,[39m [32m
'getBackToHomeFromLab'
[39m)[33m;[39m
     [90m 178 |[39m  
       jest[33m.[39ms
pyOn([33mQuizUI[39m[
33m,[39m [32m'getBack
ToHomeFromLibrary'[39m
)[33m;[39m
    [31m[1m>[22m[39
m[90m 179 |[39m      
   jest[33m.[39mspyOn
([33mQuizUI[39m[33m,
[39m [32m'getNextButt
on'[39m)[33m;[39m
     [90m     |[39m  
            
[31m[1m^[22m[39m
     [90m 180 |[39m  
       jest[33m.[39ms
pyOn([33mQuizUI[39m[
33m,[39m [32m'getQuiz
Container'[39m)[33m;
[39m
     [90m 181 |[39m  
       jest[33m.[39ms
pyOn([33mQuizUI[39m[
33m,[39m [32m'getFeed
backContainer'[39m)[3
3m;[39m
     [90m 182 |[39m  
       jest[33m.[39ms
pyOn([33mQuizUI[39m[
33m,[39m [32m'showBat
tleHubModal'[39m)[33m
;[39m[0m

      at 
ModuleMocker.spyOn (nod
e_modules/jest-mock/bui
ld/index.js:593:13)
      at 
Object.<anonymous> (tes
ts/app.test.js:179:14)

  ÔŚĆ App Module ÔÇ║ 
clicking start button 
after init should 
start the quiz

    Property 
`getNextButton` does 
not exist in the 
provided object

    [0m [90m 177 
|[39m         jest[33
m.[39mspyOn([33mQuizU
I[39m[33m,[39m [32m
'getBackToHomeFromLab'
[39m)[33m;[39m
     [90m 178 |[39m  
       jest[33m.[39ms
pyOn([33mQuizUI[39m[
33m,[39m [32m'getBack
ToHomeFromLibrary'[39m
)[33m;[39m
    [31m[1m>[22m[39
m[90m 179 |[39m      
   jest[33m.[39mspyOn
([33mQuizUI[39m[33m,
[39m [32m'getNextButt
on'[39m)[33m;[39m
     [90m     |[39m  
            
[31m[1m^[22m[39m
     [90m 180 |[39m  
       jest[33m.[39ms
pyOn([33mQuizUI[39m[
33m,[39m [32m'getQuiz
Container'[39m)[33m;
[39m
     [90m 181 |[39m  
       jest[33m.[39ms
pyOn([33mQuizUI[39m[
33m,[39m [32m'getFeed
backContainer'[39m)[3
3m;[39m
     [90m 182 |[39m  
       jest[33m.[39ms
pyOn([33mQuizUI[39m[
33m,[39m [32m'showBat
tleHubModal'[39m)[33m
;[39m[0m

      at 
ModuleMocker.spyOn (nod
e_modules/jest-mock/bui
ld/index.js:593:13)
      at 
Object.<anonymous> (tes
ts/app.test.js:179:14)

(node:22264) 
ExperimentalWarning: 
VM Modules is an 
experimental feature 
and might change at 
any time
(Use `node 
--trace-warnings ...` 
to show where the 
warning was created)
FAIL 
tests/quizUI.test.js
  ÔŚĆ QuizUI Module 
ÔÇ║ showLandingPage 
should display landing 
and hide other pages

    TypeError: 
QuizUI.getLandingPage 
is not a function

    [0m [90m 109 
|[39m     hideAllPages
[33m:[39m () 
[33m=>[39m {
     [90m 110 |[39m  
       [36mconst[39m 
pages [33m=[39m [
    [31m[1m>[22m[39
m[90m 111 |[39m      
       [33mQuizUI[39m
[33m.[39mgetLandingPa
ge()[33m,[39m
     [90m     |[39m  
                  
[31m[1m^[22m[39m
     [90m 112 |[39m  
           [33mQuizUI
[39m[33m.[39mgetQuizC
ontainer()[33m,[39m
     [90m 113 |[39m  
           [33mQuizUI
[39m[33m.[39mgetSdsPa
ge()[33m,[39m
     [90m 114 |[39m  
           [33mQuizUI
[39m[33m.[39mgetLabBe
nchPage()[33m,[39m[0
m

      at 
Object.hideAllPages 
(src/quizUI.js:111:20)
      at 
Object.showLandingPage 
(src/quizUI.js:124:16)
      at 
Object.<anonymous> (tes
ts/quizUI.test.js:44:12
)

  ÔŚĆ QuizUI Module 
ÔÇ║ showQuiz should 
hide other pages and 
show quiz

    TypeError: 
QuizUI.getLandingPage 
is not a function

    [0m [90m 109 
|[39m     hideAllPages
[33m:[39m () 
[33m=>[39m {
     [90m 110 |[39m  
       [36mconst[39m 
pages [33m=[39m [
    [31m[1m>[22m[39
m[90m 111 |[39m      
       [33mQuizUI[39m
[33m.[39mgetLandingPa
ge()[33m,[39m
     [90m     |[39m  
                  
[31m[1m^[22m[39m
     [90m 112 |[39m  
           [33mQuizUI
[39m[33m.[39mgetQuizC
ontainer()[33m,[39m
     [90m 113 |[39m  
           [33mQuizUI
[39m[33m.[39mgetSdsPa
ge()[33m,[39m
     [90m 114 |[39m  
           [33mQuizUI
[39m[33m.[39mgetLabBe
nchPage()[33m,[39m[0
m

      at 
Object.hideAllPages 
(src/quizUI.js:111:20)
      at 
Object.showQuiz 
(src/quizUI.js:136:16)
      at 
Object.<anonymous> (tes
ts/quizUI.test.js:53:12
)

  ÔŚĆ QuizUI Module 
ÔÇ║ showLabBenchPage 
should hide other 
pages and show lab 
bench

    TypeError: 
QuizUI.getLandingPage 
is not a function

    [0m [90m 109 
|[39m     hideAllPages
[33m:[39m () 
[33m=>[39m {
     [90m 110 |[39m  
       [36mconst[39m 
pages [33m=[39m [
    [31m[1m>[22m[39
m[90m 111 |[39m      
       [33mQuizUI[39m
[33m.[39mgetLandingPa
ge()[33m,[39m
     [90m     |[39m  
                  
[31m[1m^[22m[39m
     [90m 112 |[39m  
           [33mQuizUI
[39m[33m.[39mgetQuizC
ontainer()[33m,[39m
     [90m 113 |[39m  
           [33mQuizUI
[39m[33m.[39mgetSdsPa
ge()[33m,[39m
     [90m 114 |[39m  
           [33mQuizUI
[39m[33m.[39mgetLabBe
nchPage()[33m,[39m[0
m

      at 
Object.hideAllPages 
(src/quizUI.js:111:20)
      at Object.showLab
BenchPage 
(src/quizUI.js:142:16)
      at 
Object.<anonymous> (tes
ts/quizUI.test.js:59:12
)

  ÔŚĆ QuizUI Module 
ÔÇ║ showLibraryPage 
should hide other 
pages and show library

    TypeError: 
QuizUI.getLandingPage 
is not a function

    [0m [90m 109 
|[39m     hideAllPages
[33m:[39m () 
[33m=>[39m {
     [90m 110 |[39m  
       [36mconst[39m 
pages [33m=[39m [
    [31m[1m>[22m[39
m[90m 111 |[39m      
       [33mQuizUI[39m
[33m.[39mgetLandingPa
ge()[33m,[39m
     [90m     |[39m  
                  
[31m[1m^[22m[39m
     [90m 112 |[39m  
           [33mQuizUI
[39m[33m.[39mgetQuizC
ontainer()[33m,[39m
     [90m 113 |[39m  
           [33mQuizUI
[39m[33m.[39mgetSdsPa
ge()[33m,[39m
     [90m 114 |[39m  
           [33mQuizUI
[39m[33m.[39mgetLabBe
nchPage()[33m,[39m[0
m

      at 
Object.hideAllPages 
(src/quizUI.js:111:20)
      at 
Object.showLibraryPage 
(src/quizUI.js:148:16)
      at 
Object.<anonymous> (tes
ts/quizUI.test.js:65:12
)

  ÔŚĆ QuizUI Module 
ÔÇ║ renderFinalResults 
should display final 
quiz results and 
attach restart listener

    TypeError: QuizUI.g
etQuizContainer is not 
a function

    [0m [90m 180 
|[39m
     [90m 181 |[39m  
 test([32m'renderFinal
Results should display 
final quiz results and 
attach restart listener
'[39m[33m,[39m () 
[33m=>[39m {
    [31m[1m>[22m[39
m[90m 182 |[39m     
[36mconst[39m 
quizContainer 
[33m=[39m [33mQuizUI
[39m[33m.[39mgetQuiz
Container()[33m;[39m
     [90m     |[39m  
                       
         
[31m[1m^[22m[39m
     [90m 183 |[39m  
   [36mif[39m 
(quizContainer) {
     [90m 184 |[39m  
     [36mconst[39m 
mockReload [33m=[39m 
jest[33m.[39mfn()[33
m;[39m
     [90m 185 |[39m  
     [33mQuizUI[39m[
33m.[39mrenderFinalRes
ults([35m7[39m[33m,
[39m [35m10[39m[33m,
[39m mockReload)[33m;
[39m[0m

      at 
Object.<anonymous> (tes
ts/quizUI.test.js:182:3
4)

  ÔŚĆ QuizUI Module 
ÔÇ║ getNextButton 
should return the next 
button element

    TypeError: 
QuizUI.getNextButton 
is not a function

    [0m [90m 197 
|[39m   [90m// Test 
getNextButton[39m
     [90m 198 |[39m  
 test([32m'getNextButt
on should return the 
next button element'[3
9m[33m,[39m () 
[33m=>[39m {
    [31m[1m>[22m[39
m[90m 199 |[39m     
[36mconst[39m 
nextButton [33m=[39m 
[33mQuizUI[39m[33m.
[39mgetNextButton()[33
m;[39m
     [90m     |[39m  
                       
      
[31m[1m^[22m[39m
     [90m 200 |[39m  
   expect(nextButton)[
33m.[39mnot[33m.[39m
toBeNull()[33m;[39m
     [90m 201 |[39m  
   expect(nextButton[3
3m.[39mid)[33m.[39mt
oBe([32m'next-btn'[39
m)[33m;[39m
     [90m 202 |[39m  
 })[33m;[39m[0m

      at 
Object.<anonymous> (tes
ts/quizUI.test.js:199:3
1)

Test Suites: 3 failed, 
3 total
Tests:       24 
failed, 14 passed, 38 
total
Snapshots:   0 total
Time:        10.2 s
Ran all test suites.
